// Jest Snapshot v1, https://goo.gl/fbAQLP

exports[`PollCreation should render the component 1`] = `
Object {
  "asFragment": [Function],
  "baseElement": <body>
    <div>
      <section
        class="bg-gray-50 dark:bg-gray-900"
      >
        <header>
          <nav
            class="bg-white border-gray-200 px-4 lg:px-6 py-2.5 dark:bg-gray-800"
          >
            <div
              class="flex flex-wrap justify-between items-center mx-auto max-w-screen-xl"
            >
              <div
                class="flex items-center lg:order-2"
              >
                <div
                  class="text-gray-800 dark:text-white hover:bg-gray-50 focus:ring-4 focus:ring-gray-300 font-medium rounded-lg text-sm px-4 lg:px-5 py-2 lg:py-2.5 mr-2 dark:hover:bg-gray-700 focus:outline-none dark:focus:ring-gray-800"
                >
                  <div
                    data-testid="user-info"
                  />
                </div>
                <button
                  class="text-white bg-primary-700 hover:bg-primary-800 focus:ring-4 focus:ring-primary-300 font-medium rounded-lg text-sm px-4 lg:px-5 py-2 lg:py-2.5 mr-2 dark:bg-primary-600 dark:hover:bg-primary-700 focus:outline-none dark:focus:ring-primary-800"
                >
                  Logout
                </button>
                <button
                  aria-controls="mobile-menu-2"
                  aria-expanded="false"
                  class="inline-flex items-center p-2 ml-1 text-sm text-gray-500 rounded-lg lg:hidden hover:bg-gray-100 focus:outline-none focus:ring-2 focus:ring-gray-200 dark:text-gray-400 dark:hover:bg-gray-700 dark:focus:ring-gray-600"
                  data-collapse-toggle="mobile-menu-2"
                  type="button"
                >
                  <span
                    class="sr-only"
                  >
                    Open main menu
                  </span>
                  <svg
                    class="w-6 h-6"
                    fill="currentColor"
                    viewBox="0 0 20 20"
                    xmlns="http://www.w3.org/2000/svg"
                  >
                    <path
                      clip-rule="evenodd"
                      d="M3 5a1 1 0 011-1h12a1 1 0 110 2H4a1 1 0 01-1-1zM3 10a1 1 0 011-1h12a1 1 0 110 2H4a1 1 0 01-1-1zM3 15a1 1 0 011-1h12a1 1 0 110 2H4a1 1 0 01-1-1z"
                      fill-rule="evenodd"
                    />
                  </svg>
                  <svg
                    class="hidden w-6 h-6"
                    fill="currentColor"
                    viewBox="0 0 20 20"
                    xmlns="http://www.w3.org/2000/svg"
                  >
                    <path
                      clip-rule="evenodd"
                      d="M4.293 4.293a1 1 0 011.414 0L10 8.586l4.293-4.293a1 1 0 111.414 1.414L11.414 10l4.293 4.293a1 1 0 01-1.414 1.414L10 11.414l-4.293 4.293a1 1 0 01-1.414-1.414L8.586 10 4.293 5.707a1 1 0 010-1.414z"
                      fill-rule="evenodd"
                    />
                  </svg>
                </button>
              </div>
              <div
                class="hidden justify-between items-center w-full lg:flex lg:w-auto lg:order-1"
                id="mobile-menu-2"
              >
                <ul
                  class="flex flex-col mt-4 font-medium lg:flex-row lg:space-x-8 lg:mt-0"
                >
                  <li
                    class="block py-2 pr-4 pl-3 text-gray-700 border-b border-gray-100 hover:bg-gray-50 lg:hover:bg-transparent lg:border-0 lg:hover:text-primary-700 lg:p-0 dark:text-gray-400 lg:dark:hover:text-white dark:hover:bg-gray-700 dark:hover:text-white lg:dark:hover:bg-transparent dark:border-gray-700"
                  >
                    <a
                      href="/Dashboard"
                    >
                      Dashboard
                    </a>
                  </li>
                  <li
                    class="block py-2 pr-4 pl-3 text-gray-700 border-b border-gray-100 hover:bg-gray-50 lg:hover:bg-transparent lg:border-0 lg:hover:text-primary-700 lg:p-0 dark:text-gray-400 lg:dark:hover:text-white dark:hover:bg-gray-700 dark:hover:text-white lg:dark:hover:bg-transparent dark:border-gray-700"
                  >
                    <a
                      href="/Leaderboard"
                    >
                      Leaderboard
                    </a>
                  </li>
                  <li
                    class="block py-2 pr-4 pl-3 text-gray-700 border-b border-gray-100 hover:bg-gray-50 lg:hover:bg-transparent lg:border-0 lg:hover:text-primary-700 lg:p-0 dark:text-gray-400 lg:dark:hover:text-white dark:hover:bg-gray-700 dark:hover:text-white lg:dark:hover:bg-transparent dark:border-gray-700"
                  >
                    <a
                      href="/New"
                    >
                      New
                    </a>
                  </li>
                </ul>
              </div>
            </div>
          </nav>
        </header>
        <div
          class="flex flex-col items-center justify-center px-6 py-8 mx-auto md:h-screen lg:py-0"
        >
          <div
            class="w-full bg-white rounded-lg shadow dark:border md:mt-0 sm:max-w-md xl:p-0 dark:bg-gray-800 dark:border-gray-700"
          >
            <div
              class="p-6 space-y-4 md:space-y-4 sm:p-8"
            >
              <h1
                class="text-xl font-bold leading-tight tracking-tight text-gray-900 md:text-2xl dark:text-white"
              >
                would you rether
              </h1>
              <p
                class=" font-light text-gray-500 sm:text-xl dark:text-gray-400"
              >
                create your own poll
              </p>
              <form
                action="#"
                class="space-y-6 md:space-y-6"
              >
                <div>
                  <label
                    class="block mb-2 text-sm font-medium text-gray-900 dark:text-white"
                    for="option1"
                  >
                    option 1
                  </label>
                  <input
                    class="bg-gray-50 border border-gray-300 text-gray-900 sm:text-sm rounded-lg focus:ring-primary-600 focus:border-primary-600 block w-full p-2.5 dark:bg-gray-700 dark:border-gray-600 dark:placeholder-gray-400 dark:text-white dark:focus:ring-blue-500 dark:focus:border-blue-500"
                    data-testid="firstOption"
                    id="option1"
                    name="option1"
                    placeholder="option 1"
                    type="text"
                    value=""
                  />
                </div>
                <div>
                  <label
                    class="block mb-2 text-sm font-medium text-gray-900 dark:text-white"
                    for="option2"
                  >
                    option 2
                  </label>
                  <input
                    class="bg-gray-50 border border-gray-300 text-gray-900 sm:text-sm rounded-lg focus:ring-primary-600 focus:border-primary-600 block w-full p-2.5 dark:bg-gray-700 dark:border-gray-600 dark:placeholder-gray-400 dark:text-white dark:focus:ring-blue-500 dark:focus:border-blue-500"
                    data-testid="secondOption"
                    id="option2"
                    name="option2"
                    placeholder="option 2"
                    type="text"
                    value=""
                  />
                </div>
                <button
                  class="inline-flex items-center px-3 py-2 text-sm font-medium text-center text-white bg-blue-700 rounded-lg hover:bg-blue-800 focus:ring-4 focus:outline-none focus:ring-blue-300 dark:bg-blue-600 dark:hover:bg-blue-700 dark:focus:ring-blue-800"
                  data-testid="submit-button"
                >
                  Submit
                </button>
              </form>
            </div>
          </div>
        </div>
      </section>
    </div>
  </body>,
  "container": <div>
    <section
      class="bg-gray-50 dark:bg-gray-900"
    >
      <header>
        <nav
          class="bg-white border-gray-200 px-4 lg:px-6 py-2.5 dark:bg-gray-800"
        >
          <div
            class="flex flex-wrap justify-between items-center mx-auto max-w-screen-xl"
          >
            <div
              class="flex items-center lg:order-2"
            >
              <div
                class="text-gray-800 dark:text-white hover:bg-gray-50 focus:ring-4 focus:ring-gray-300 font-medium rounded-lg text-sm px-4 lg:px-5 py-2 lg:py-2.5 mr-2 dark:hover:bg-gray-700 focus:outline-none dark:focus:ring-gray-800"
              >
                <div
                  data-testid="user-info"
                />
              </div>
              <button
                class="text-white bg-primary-700 hover:bg-primary-800 focus:ring-4 focus:ring-primary-300 font-medium rounded-lg text-sm px-4 lg:px-5 py-2 lg:py-2.5 mr-2 dark:bg-primary-600 dark:hover:bg-primary-700 focus:outline-none dark:focus:ring-primary-800"
              >
                Logout
              </button>
              <button
                aria-controls="mobile-menu-2"
                aria-expanded="false"
                class="inline-flex items-center p-2 ml-1 text-sm text-gray-500 rounded-lg lg:hidden hover:bg-gray-100 focus:outline-none focus:ring-2 focus:ring-gray-200 dark:text-gray-400 dark:hover:bg-gray-700 dark:focus:ring-gray-600"
                data-collapse-toggle="mobile-menu-2"
                type="button"
              >
                <span
                  class="sr-only"
                >
                  Open main menu
                </span>
                <svg
                  class="w-6 h-6"
                  fill="currentColor"
                  viewBox="0 0 20 20"
                  xmlns="http://www.w3.org/2000/svg"
                >
                  <path
                    clip-rule="evenodd"
                    d="M3 5a1 1 0 011-1h12a1 1 0 110 2H4a1 1 0 01-1-1zM3 10a1 1 0 011-1h12a1 1 0 110 2H4a1 1 0 01-1-1zM3 15a1 1 0 011-1h12a1 1 0 110 2H4a1 1 0 01-1-1z"
                    fill-rule="evenodd"
                  />
                </svg>
                <svg
                  class="hidden w-6 h-6"
                  fill="currentColor"
                  viewBox="0 0 20 20"
                  xmlns="http://www.w3.org/2000/svg"
                >
                  <path
                    clip-rule="evenodd"
                    d="M4.293 4.293a1 1 0 011.414 0L10 8.586l4.293-4.293a1 1 0 111.414 1.414L11.414 10l4.293 4.293a1 1 0 01-1.414 1.414L10 11.414l-4.293 4.293a1 1 0 01-1.414-1.414L8.586 10 4.293 5.707a1 1 0 010-1.414z"
                    fill-rule="evenodd"
                  />
                </svg>
              </button>
            </div>
            <div
              class="hidden justify-between items-center w-full lg:flex lg:w-auto lg:order-1"
              id="mobile-menu-2"
            >
              <ul
                class="flex flex-col mt-4 font-medium lg:flex-row lg:space-x-8 lg:mt-0"
              >
                <li
                  class="block py-2 pr-4 pl-3 text-gray-700 border-b border-gray-100 hover:bg-gray-50 lg:hover:bg-transparent lg:border-0 lg:hover:text-primary-700 lg:p-0 dark:text-gray-400 lg:dark:hover:text-white dark:hover:bg-gray-700 dark:hover:text-white lg:dark:hover:bg-transparent dark:border-gray-700"
                >
                  <a
                    href="/Dashboard"
                  >
                    Dashboard
                  </a>
                </li>
                <li
                  class="block py-2 pr-4 pl-3 text-gray-700 border-b border-gray-100 hover:bg-gray-50 lg:hover:bg-transparent lg:border-0 lg:hover:text-primary-700 lg:p-0 dark:text-gray-400 lg:dark:hover:text-white dark:hover:bg-gray-700 dark:hover:text-white lg:dark:hover:bg-transparent dark:border-gray-700"
                >
                  <a
                    href="/Leaderboard"
                  >
                    Leaderboard
                  </a>
                </li>
                <li
                  class="block py-2 pr-4 pl-3 text-gray-700 border-b border-gray-100 hover:bg-gray-50 lg:hover:bg-transparent lg:border-0 lg:hover:text-primary-700 lg:p-0 dark:text-gray-400 lg:dark:hover:text-white dark:hover:bg-gray-700 dark:hover:text-white lg:dark:hover:bg-transparent dark:border-gray-700"
                >
                  <a
                    href="/New"
                  >
                    New
                  </a>
                </li>
              </ul>
            </div>
          </div>
        </nav>
      </header>
      <div
        class="flex flex-col items-center justify-center px-6 py-8 mx-auto md:h-screen lg:py-0"
      >
        <div
          class="w-full bg-white rounded-lg shadow dark:border md:mt-0 sm:max-w-md xl:p-0 dark:bg-gray-800 dark:border-gray-700"
        >
          <div
            class="p-6 space-y-4 md:space-y-4 sm:p-8"
          >
            <h1
              class="text-xl font-bold leading-tight tracking-tight text-gray-900 md:text-2xl dark:text-white"
            >
              would you rether
            </h1>
            <p
              class=" font-light text-gray-500 sm:text-xl dark:text-gray-400"
            >
              create your own poll
            </p>
            <form
              action="#"
              class="space-y-6 md:space-y-6"
            >
              <div>
                <label
                  class="block mb-2 text-sm font-medium text-gray-900 dark:text-white"
                  for="option1"
                >
                  option 1
                </label>
                <input
                  class="bg-gray-50 border border-gray-300 text-gray-900 sm:text-sm rounded-lg focus:ring-primary-600 focus:border-primary-600 block w-full p-2.5 dark:bg-gray-700 dark:border-gray-600 dark:placeholder-gray-400 dark:text-white dark:focus:ring-blue-500 dark:focus:border-blue-500"
                  data-testid="firstOption"
                  id="option1"
                  name="option1"
                  placeholder="option 1"
                  type="text"
                  value=""
                />
              </div>
              <div>
                <label
                  class="block mb-2 text-sm font-medium text-gray-900 dark:text-white"
                  for="option2"
                >
                  option 2
                </label>
                <input
                  class="bg-gray-50 border border-gray-300 text-gray-900 sm:text-sm rounded-lg focus:ring-primary-600 focus:border-primary-600 block w-full p-2.5 dark:bg-gray-700 dark:border-gray-600 dark:placeholder-gray-400 dark:text-white dark:focus:ring-blue-500 dark:focus:border-blue-500"
                  data-testid="secondOption"
                  id="option2"
                  name="option2"
                  placeholder="option 2"
                  type="text"
                  value=""
                />
              </div>
              <button
                class="inline-flex items-center px-3 py-2 text-sm font-medium text-center text-white bg-blue-700 rounded-lg hover:bg-blue-800 focus:ring-4 focus:outline-none focus:ring-blue-300 dark:bg-blue-600 dark:hover:bg-blue-700 dark:focus:ring-blue-800"
                data-testid="submit-button"
              >
                Submit
              </button>
            </form>
          </div>
        </div>
      </div>
    </section>
  </div>,
  "debug": [Function],
  "findAllByAltText": [Function],
  "findAllByDisplayValue": [Function],
  "findAllByLabelText": [Function],
  "findAllByPlaceholderText": [Function],
  "findAllByRole": [Function],
  "findAllByTestId": [Function],
  "findAllByText": [Function],
  "findAllByTitle": [Function],
  "findByAltText": [Function],
  "findByDisplayValue": [Function],
  "findByLabelText": [Function],
  "findByPlaceholderText": [Function],
  "findByRole": [Function],
  "findByTestId": [Function],
  "findByText": [Function],
  "findByTitle": [Function],
  "getAllByAltText": [Function],
  "getAllByDisplayValue": [Function],
  "getAllByLabelText": [Function],
  "getAllByPlaceholderText": [Function],
  "getAllByRole": [Function],
  "getAllByTestId": [Function],
  "getAllByText": [Function],
  "getAllByTitle": [Function],
  "getByAltText": [Function],
  "getByDisplayValue": [Function],
  "getByLabelText": [Function],
  "getByPlaceholderText": [Function],
  "getByRole": [Function],
  "getByTestId": [Function],
  "getByText": [Function],
  "getByTitle": [Function],
  "queryAllByAltText": [Function],
  "queryAllByDisplayValue": [Function],
  "queryAllByLabelText": [Function],
  "queryAllByPlaceholderText": [Function],
  "queryAllByRole": [Function],
  "queryAllByTestId": [Function],
  "queryAllByText": [Function],
  "queryAllByTitle": [Function],
  "queryByAltText": [Function],
  "queryByDisplayValue": [Function],
  "queryByLabelText": [Function],
  "queryByPlaceholderText": [Function],
  "queryByRole": [Function],
  "queryByTestId": [Function],
  "queryByText": [Function],
  "queryByTitle": [Function],
  "rerender": [Function],
  "unmount": [Function],
}
`;
